[backblue.gif]
[fade.gif]
[index.html]
[moodle.sdu.edu.kz/login/index.html]
[moodle.sdu.edu.kz/index.html]
[moodle.sdu.edu.kz/pluginfile.php/1/theme_alpha/favicon/1732004874/logo_sdu_general_white (1) (1).ico]
[moodle.sdu.edu.kz/theme/combob48b]
[moodle.sdu.edu.kz/theme/styles.php/alpha/1732004874_1/styles.php]
[moodle.sdu.edu.kz/lib/javascript.php/1732004874/lib/polyfills/javascript.php]
[moodle.sdu.edu.kz/theme/combob2dc]
[moodle.sdu.edu.kz/lib/javascript.php/1732004874/lib/javascript.php]
[moodle.sdu.edu.kz/login/index9ed2.html]
[moodle.sdu.edu.kz/login/index2296.html]
[moodle.sdu.edu.kz/login/indexf59f.html]
[moodle.sdu.edu.kz/login/index2139.html]
[password.sdu.edu.kz/index.html]
[moodle.sdu.edu.kz/lib/javascript.php/1732004874/lib/requirejs/javascript.php]
[moodle.sdu.edu.kz/login/index.html]
[moodle.sdu.edu.kz/theme/combob48b]
[moodle.sdu.edu.kz/theme/image.php/alpha/mod_customcert/1732004859/target.gif]
[moodle.sdu.edu.kz/mod/wiki/pix/attachment.png]
[moodle.sdu.edu.kz/theme/image.php/alpha/core/1732004859/i/loading_small.gif]
[moodle.sdu.edu.kz/theme/image.php/alpha/format_tiles/1732004859/expand.png]
[moodle.sdu.edu.kz/theme/image.php/alpha/format_tiles/1732004859/collapse.png]
[moodle.sdu.edu.kz/theme/image.php/alpha/format_topcoll/1732004859/arrow_down.png]
[moodle.sdu.edu.kz/theme/image.php/alpha/format_topcoll/1732004859/arrow_right.png]
[moodle.sdu.edu.kz/theme/image.php/alpha/format_topcoll/1732004859/arrow_right_glow.png]
[moodle.sdu.edu.kz/theme/image.php/alpha/format_topcoll/1732004859/arrow_down_glow.png]
[moodle.sdu.edu.kz/theme/image.php/alpha/format_topcoll/1732004859/bulb_on.png]
[moodle.sdu.edu.kz/theme/image.php/alpha/format_topcoll/1732004859/bulb_off.png]
[moodle.sdu.edu.kz/theme/image.php/alpha/format_topcoll/1732004859/bulb_off_glow.png]
[moodle.sdu.edu.kz/theme/image.php/alpha/format_topcoll/1732004859/bulb_on_glow.png]
[moodle.sdu.edu.kz/theme/image.php/alpha/format_topcoll/1732004859/cloud_on.png]
[moodle.sdu.edu.kz/theme/image.php/alpha/format_topcoll/1732004859/cloud_off.png]
[moodle.sdu.edu.kz/theme/image.php/alpha/format_topcoll/1732004859/cloud_off_glow.png]
[moodle.sdu.edu.kz/theme/image.php/alpha/format_topcoll/1732004859/cloud_on_glow.png]
[moodle.sdu.edu.kz/theme/image.php/alpha/format_topcoll/1732004859/eye_show.png]
[moodle.sdu.edu.kz/theme/image.php/alpha/format_topcoll/1732004859/eye_hide.png]
[moodle.sdu.edu.kz/theme/image.php/alpha/format_topcoll/1732004859/eye_hide_glow.png]
[moodle.sdu.edu.kz/theme/image.php/alpha/format_topcoll/1732004859/eye_show_glow.png]
[moodle.sdu.edu.kz/theme/image.php/alpha/format_topcoll/1732004859/folder_open.png]
[moodle.sdu.edu.kz/theme/image.php/alpha/format_topcoll/1732004859/folder_closed.png]
[moodle.sdu.edu.kz/theme/image.php/alpha/format_topcoll/1732004859/folder_closed_glow.png]
[moodle.sdu.edu.kz/theme/image.php/alpha/format_topcoll/1732004859/folder_open_glow.png]
[moodle.sdu.edu.kz/theme/image.php/alpha/format_topcoll/1732004859/ground_signal_on.png]
[moodle.sdu.edu.kz/theme/image.php/alpha/format_topcoll/1732004859/ground_signal_off.png]
[moodle.sdu.edu.kz/theme/image.php/alpha/format_topcoll/1732004859/led_on.png]
[moodle.sdu.edu.kz/theme/image.php/alpha/format_topcoll/1732004859/led_off.png]
[moodle.sdu.edu.kz/theme/image.php/alpha/format_topcoll/1732004859/led_off_glow.png]
[moodle.sdu.edu.kz/theme/image.php/alpha/format_topcoll/1732004859/led_on_glow.png]
[moodle.sdu.edu.kz/theme/image.php/alpha/format_topcoll/1732004859/point_down.png]
[moodle.sdu.edu.kz/theme/image.php/alpha/format_topcoll/1732004859/point_right.png]
[moodle.sdu.edu.kz/theme/image.php/alpha/format_topcoll/1732004859/point_right_glow.png]
[moodle.sdu.edu.kz/theme/image.php/alpha/format_topcoll/1732004859/point_down_glow.png]
[moodle.sdu.edu.kz/theme/image.php/alpha/format_topcoll/1732004859/toggle_plus.png]
[moodle.sdu.edu.kz/theme/image.php/alpha/format_topcoll/1732004859/toggle_minus.png]
[moodle.sdu.edu.kz/theme/image.php/alpha/format_topcoll/1732004859/toggle_minus_glow.png]
[moodle.sdu.edu.kz/theme/image.php/alpha/format_topcoll/1732004859/toggle_plus_glow.png]
[moodle.sdu.edu.kz/theme/image.php/alpha/format_topcoll/1732004859/radio_on.png]
[moodle.sdu.edu.kz/theme/image.php/alpha/format_topcoll/1732004859/radio_off.png]
[moodle.sdu.edu.kz/theme/image.php/alpha/format_topcoll/1732004859/radio_off_glow.png]
[moodle.sdu.edu.kz/theme/image.php/alpha/format_topcoll/1732004859/radio_on_glow.png]
[moodle.sdu.edu.kz/theme/image.php/alpha/format_topcoll/1732004859/smiley_on.png]
[moodle.sdu.edu.kz/theme/image.php/alpha/format_topcoll/1732004859/smiley_off.png]
[moodle.sdu.edu.kz/theme/image.php/alpha/format_topcoll/1732004859/smiley_off_glow.png]
[moodle.sdu.edu.kz/theme/image.php/alpha/format_topcoll/1732004859/smiley_on_glow.png]
[moodle.sdu.edu.kz/theme/image.php/alpha/format_topcoll/1732004859/square_on.png]
[moodle.sdu.edu.kz/theme/image.php/alpha/format_topcoll/1732004859/square_off.png]
[moodle.sdu.edu.kz/theme/image.php/alpha/format_topcoll/1732004859/square_off_glow.png]
[moodle.sdu.edu.kz/theme/image.php/alpha/format_topcoll/1732004859/square_on_glow.png]
[moodle.sdu.edu.kz/theme/image.php/alpha/format_topcoll/1732004859/sunmoon_on.png]
[moodle.sdu.edu.kz/theme/image.php/alpha/format_topcoll/1732004859/sunmoon_off.png]
[moodle.sdu.edu.kz/theme/image.php/alpha/format_topcoll/1732004859/sunmoon_off_glow.png]
[moodle.sdu.edu.kz/theme/image.php/alpha/format_topcoll/1732004859/sunmoon_on_glow.png]
[moodle.sdu.edu.kz/theme/image.php/alpha/format_topcoll/1732004859/switch_on.png]
[moodle.sdu.edu.kz/theme/image.php/alpha/format_topcoll/1732004859/switch_off.png]
[moodle.sdu.edu.kz/theme/image.php/alpha/format_topcoll/1732004859/switch_off_glow.png]
[moodle.sdu.edu.kz/theme/image.php/alpha/format_topcoll/1732004859/switch_on_glow.png]
[moodle.sdu.edu.kz/theme/image.php/alpha/plagiarism_turnitin/1732004859/rubric.png]
[moodle.sdu.edu.kz/theme/image.php/alpha/plagiarism_turnitin/1732004859/peermark-reviews.png]
[moodle.sdu.edu.kz/theme/image.php/alpha/plagiarism_turnitin/1732004859/refresh.gif]
[moodle.sdu.edu.kz/theme/image.php/alpha/plagiarism_turnitin/1732004859/peermark-settings.png]
[moodle.sdu.edu.kz/theme/image.php/alpha/plagiarism_turnitin/1732004859/quickmark.png]
[moodle.sdu.edu.kz/theme/image.php/alpha/plagiarism_turnitin/1732004859/turnitin-icon.png]
[moodle.sdu.edu.kz/theme/font.php/alpha/core/1732004859/fa-brands-400.woff2]
[moodle.sdu.edu.kz/theme/font.php/alpha/core/1732004859/fa-brands-400.ttf]
[moodle.sdu.edu.kz/theme/font.php/alpha/core/1732004859/fa-regular-400.woff2]
[moodle.sdu.edu.kz/theme/font.php/alpha/core/1732004859/fa-regular-400.ttf]
[moodle.sdu.edu.kz/theme/font.php/alpha/core/1732004859/fa-solid-900.woff2]
[moodle.sdu.edu.kz/theme/font.php/alpha/core/1732004859/fa-solid-900.ttf]
[moodle.sdu.edu.kz/theme/image.php/alpha/core/1732004859/i/ajaxloader.gif]
[moodle.sdu.edu.kz/theme/image.php/alpha/theme/1732004859/y/loading.gif]
[moodle.sdu.edu.kz/theme/styles.php/alpha/1732004874_1/styles.php]
[moodle.sdu.edu.kz/login/index9ed2.html]
[moodle.sdu.edu.kz/login/index2296.html]
[moodle.sdu.edu.kz/login/indexf59f.html]
[moodle.sdu.edu.kz/login/index2139.html]
[password.sdu.edu.kz/css/style.css]
[password.sdu.edu.kz/img/login-logo.png]
[password.sdu.edu.kz/index.html]
[moodle.sdu.edu.kz/theme/yui_imagecb5c.html]
[moodle.sdu.edu.kz/theme/image.php/alpha/core/1732004859/t/expanded.svg]
[moodle.sdu.edu.kz/theme/image.php/alpha/core/1732004859/t/collapsed.svg]
[moodle.sdu.edu.kz/theme/image.php/alpha/mod_forum/1732004859/t/subscribed.svg]
[moodle.sdu.edu.kz/theme/image.php/alpha/mod_forum/1732004859/t/unsubscribed.svg]
[moodle.sdu.edu.kz/theme/image.php/alpha/core/1732004859/t/print.svg]
[moodle.sdu.edu.kz/theme/styles.php/alpha/1732004874_1/images/shadow.html]
[moodle.sdu.edu.kz/theme/styles.php/alpha/1732004874_1/images/loading-icon.html]
[moodle.sdu.edu.kz/theme/image.php/alpha/pdfannotator/1732004859/text_highlight_picker.svg]
[moodle.sdu.edu.kz/theme/image.php/alpha/pdfannotator/1732004859/strikethrough.svg]
[moodle.sdu.edu.kz/theme/image.php/alpha/pdfannotator/1732004859/editstring.svg]
[moodle.sdu.edu.kz/theme/image.php/alpha/pdfannotator/1732004859/text_color_picker.svg]
[moodle.sdu.edu.kz/theme/image.php/alpha/pdfannotator/1732004859/pinbild.svg]
[moodle.sdu.edu.kz/theme/image.php/alpha/quiz/1732004859/navflagged.svg]
[moodle.sdu.edu.kz/theme/image.php/alpha/mod_workshop/1732004859/userplan/task-todo.svg]
[moodle.sdu.edu.kz/theme/image.php/alpha/mod_workshop/1732004859/userplan/task-done.svg]
[moodle.sdu.edu.kz/theme/image.php/alpha/mod_workshop/1732004859/userplan/task-fail.svg]
[moodle.sdu.edu.kz/theme/image.php/alpha/mod_workshop/1732004859/userplan/task-info.svg]
[moodle.sdu.edu.kz/theme/image.php/alpha/block_completion_progress/1732004859/tick.svg]
[moodle.sdu.edu.kz/theme/image.php/alpha/block_completion_progress/1732004859/cross.svg]
[moodle.sdu.edu.kz/theme/image.php/alpha/core/1732004859/t/collapsed_empty.svg]
[moodle.sdu.edu.kz/theme/image.php/alpha/format_tiles/1732004859/eye-slash.svg]
[moodle.sdu.edu.kz/theme/image.php/alpha/core/1732004859/a/view_list_active.svg]
[moodle.sdu.edu.kz/theme/image.php/alpha/format_tiles/1732004859/close-white.svg]
[moodle.sdu.edu.kz/theme/image.php/alpha/format_tiles/1732004859/check-white.svg]
[moodle.sdu.edu.kz/theme/image.php/alpha/core/1732004859/t/delete.svg]
[moodle.sdu.edu.kz/theme/image.php/alpha/core/1732004859/t/up.svg]
[moodle.sdu.edu.kz/theme/image.php/alpha/core/1732004859/t/down.svg]
[moodle.sdu.edu.kz/theme/image.php/alpha/core/1732004859/t/add.svg]
[moodle.sdu.edu.kz/theme/image.php/alpha/core/1732004859/t/copy.svg]
[moodle.sdu.edu.kz/theme/image.php/alpha/atto_h5p/1732004859/icon-white.svg]
[moodle.sdu.edu.kz/theme/image.php/alpha/theme/1732004859/y/tn.svg]
[moodle.sdu.edu.kz/theme/image.php/alpha/theme/1732004859/y/lnl.svg]
[moodle.sdu.edu.kz/theme/image.php/alpha/theme/1732004859/y/tn_c.svg]
[moodle.sdu.edu.kz/theme/image.php/alpha/theme/1732004859/y/tn_e.svg]
[moodle.sdu.edu.kz/theme/image.php/alpha/theme/1732004859/y/vline.svg]
[moodle.sdu.edu.kz/theme/image.php/alpha/theme/1732004859/diagonal-lines.svg]
[moodle.sdu.edu.kz/theme/image.php/alpha/core/1732004859/i/course.svg]
[moodle.sdu.edu.kz/theme/image.php/alpha/core/1732004859/i/mnethost.svg]
[moodle.sdu.edu.kz/theme/image.php/alpha/theme/1732004859/fp/path_folder.svg]
[moodle.sdu.edu.kz/theme/image.php/alpha/theme/1732004859/y/tm.svg]
[moodle.sdu.edu.kz/theme/image.php/alpha/theme/1732004859/y/tp.svg]
[moodle.sdu.edu.kz/theme/image.php/alpha/theme/1732004859/y/lm.svg]
[moodle.sdu.edu.kz/theme/image.php/alpha/theme/1732004859/y/lp.svg]
[moodle.sdu.edu.kz/theme/image.php/alpha/theme/1732004859/fp/link.svg]
[moodle.sdu.edu.kz/theme/image.php/alpha/theme/1732004859/fp/alias.svg]
[moodle.sdu.edu.kz/theme/image.php/alpha/core/1732004859/s/dead.svg]
[moodle.sdu.edu.kz/theme/image.php/alpha/theme/1732004859/alpha/theme-dark-sort-arrow-sprite.html]
[moodle.sdu.edu.kz/theme/image.php/alpha/theme/1732004859/fp/link_sm.svg]
[moodle.sdu.edu.kz/theme/image.php/alpha/theme/1732004859/fp/alias_sm.svg]
[moodle.sdu.edu.kz/theme/image.php/alpha/theme/1732004859/alpha/icon-message-square.svg]
[moodle.sdu.edu.kz/theme/image.php/alpha/theme/1732004859/alpha/icon-calendar.svg]
[moodle.sdu.edu.kz/theme/image.php/alpha/theme/1732004859/alpha/icon-rewind.svg]
[moodle.sdu.edu.kz/theme/image.php/alpha/theme/1732004859/alpha/icon-git-commit.svg]
[moodle.sdu.edu.kz/theme/image.php/alpha/theme/1732004859/alpha/icon-award.svg]
[moodle.sdu.edu.kz/theme/image.php/alpha/theme/1732004859/alpha/icon-clock.svg]
[moodle.sdu.edu.kz/theme/image.php/alpha/theme/1732004859/alpha/icon-edit.svg]
[moodle.sdu.edu.kz/theme/image.php/alpha/theme/1732004859/alpha/icon-alert-triangle.svg]
[moodle.sdu.edu.kz/theme/image.php/alpha/theme/1732004859/alpha/icon-check-square.svg]
[moodle.sdu.edu.kz/theme/image.php/alpha/theme/1732004859/alpha/icon-alert-circle.svg]
[moodle.sdu.edu.kz/theme/image.php/alpha/theme/1732004859/alpha/icon-eye-off.svg]
[moodle.sdu.edu.kz/theme/image.php/alpha/theme/1732004859/alpha/icon-users.svg]
[moodle.sdu.edu.kz/theme/image.php/alpha/theme/1732004859/alpha/icon-checked.svg]
[moodle.sdu.edu.kz/theme/image.php/alpha/theme/1732004859/alpha/icon-lock.svg]
[moodle.sdu.edu.kz/theme/image.php/alpha/theme/1732004859/alpha/icon-state.svg]
[moodle.sdu.edu.kz/theme/image.php/alpha/theme/1732004859/alpha/icon-progress.svg]
[moodle.sdu.edu.kz/theme/image.php/alpha/theme/1732004859/mod/workshop/userplan/task-todo.svg]
[moodle.sdu.edu.kz/theme/image.php/alpha/theme/1732004859/mod/workshop/userplan/task-todo-rtl.svg]
[moodle.sdu.edu.kz/theme/image.php/alpha/theme/1732004859/mod/workshop/userplan/task-done.svg]
[moodle.sdu.edu.kz/theme/image.php/alpha/theme/1732004859/mod/workshop/userplan/task-done-rtl.svg]
[moodle.sdu.edu.kz/theme/image.php/alpha/theme/1732004859/mod/workshop/userplan/task-fail.svg]
[moodle.sdu.edu.kz/theme/image.php/alpha/theme/1732004859/alpha/icon-arrow-up.svg]
[moodle.sdu.edu.kz/theme/image.php/alpha/theme/1732004859/alpha/icon-arrow-down.svg]
[moodle.sdu.edu.kz/theme/image.php/alpha/theme/1732004859/alpha/icon-copy.svg]
[password.sdu.edu.kz/css/style.css]
